flag provided but not defined: -abi
usage: gomobile bind [-target android|ios|iossimulator|macos|maccatalyst] [-bootclasspath <path>] [-classpath <path>] [-o output] [build flags] [package]

Bind generates language bindings for the package named by the import
path, and compiles a library for the named target system.

The -target flag takes either android (the default), or one or more
comma-delimited Apple platforms (ios, iossimulator, macos, maccatalyst).

For -target android, the bind command produces an AAR (Android ARchive)
file that archives the precompiled Java API stub classes, the compiled
shared libraries, and all asset files in the /assets subdirectory under
the package directory. The output is named '<package_name>.aar' by
default. This AAR file is commonly used for binary distribution of an
Android library project and most Android IDEs support AAR import. For
example, in Android Studio (1.2+), an AAR file can be imported using
the module import wizard (File > New > New Module > Import .JAR or
.AAR package), and setting it as a new dependency
(File > Project Structure > Dependencies).  This requires 'javac'
(version 1.8+) and Android SDK (API level 16 or newer) to build the
library for Android. The ANDROID_HOME and ANDROID_NDK_HOME environment
variables can be used to specify the Android SDK and NDK if they are
not in the default locations. Use the -javapkg flag to specify the Java
package prefix for the generated classes.

By default, -target=android builds shared libraries for all supported
instruction sets (arm, arm64, 386, amd64). A subset of instruction sets
can be selected by specifying target type with the architecture name. E.g.,
-target=android/arm,android/386.

For Apple -target platforms, gomobile must be run on an OS X machine with
Xcode installed. The generated Objective-C types can be prefixed with the
-prefix flag.

For -target android, the -bootclasspath and -classpath flags are used to
control the bootstrap classpath and the classpath for Go wrappers to Java
classes.

The -v flag provides verbose output, including the list of packages built.

The build flags -a, -n, -x, -gcflags, -ldflags, -tags, -trimpath, and -work
are shared with the build command. For documentation, see 'go help build'.
